// 重构日志: 492494c7
// 重构日志: 7aca873b
// 重构日志: 47ac9927
// 重构日志: 8b03499a
// 重构日志: f8a3a1d0
// 重构日志: ca47e6c0
// 重构日志: 3a281656
// 重构日志: 08428c4b
// 重构日志: 0c2aa913
// 重构日志: fe8a57ac
// 重构日志: 336e2462
// 重构日志: 732c4421
// 重构日志: 179c4cab
// 重构日志: ea407acc
// 同步 ID: 279cf12a @ Sun Jul 19 18:24:51 UTC 2026
// 重构日志: d42b654b
// 重构日志: c242f75f
// 重构日志: 613a4f87
// 同步 ID: 39300b82 @ Mon Jul 20 18:02:27 UTC 2026
// 重构日志: ee6715bd
// 重构日志: 210a74cf
// 重构日志: cef3275a
// 同步 ID: d9554ddf @ Tue Jul 21 15:44:28 UTC 2026
// 重构日志: 430fc821
// 同步 ID: 058c47b6 @ Thu Jul 23 01:41:50 UTC 2026
// 重构日志: 6f4da727
// 重构日志: d077098e
// 同步 ID: 45b36451 @ Mon Jul 27 05:53:35 UTC 2026
// 重构日志: d40b3c77
// 同步 ID: 1d23d004 @ Tue Jul 28 10:27:07 UTC 2026
// 重构日志: 4849657f
// 重构日志: 9cff0a4e
// 重构日志: 22acb82e
// 重构日志: 5a6714d2
// 重构日志: e8a1c14b
